::1 - - [11/May/2026 16:09:28] "HEAD /scouting-culture/ HTTP/1.1" 200 -
::1 - - [11/May/2026 16:09:28] "HEAD /fr/scouting-culture/ HTTP/1.1" 200 -
::1 - - [11/May/2026 16:09:28] "HEAD /ar/scouting-culture/ HTTP/1.1" 200 -
::1 - - [11/May/2026 16:09:28] "GET / HTTP/1.1" 200 -
::1 - - [11/May/2026 16:09:41] "GET /scouting-culture/ HTTP/1.1" 200 -
::1 - - [11/May/2026 16:09:41] "GET / HTTP/1.1" 200 -
::1 - - [11/May/2026 16:09:41] "GET /_next/static/media/03bda585a99c6450-s.p.0zzh68k1~whtc.woff2 HTTP/1.1" 200 -
::1 - - [11/May/2026 16:09:41] "GET /_next/static/media/05d29f0ed5b0e698-s.p.0ipr5zwy0u.~f.woff2 HTTP/1.1" 200 -
::1 - - [11/May/2026 16:09:41] "GET /_next/static/media/291696193ea1e96b-s.p.0mmds2ktxtq7_.woff2 HTTP/1.1" 200 -
::1 - - [11/May/2026 16:09:41] "GET /_next/static/media/48e6fa8a5baca31f-s.p.0d7ol9k18uj2x.woff2 HTTP/1.1" 200 -
::1 - - [11/May/2026 16:09:41] "GET /_next/static/chunks/12kyd-tjrdz10.css HTTP/1.1" 200 -
::1 - - [11/May/2026 16:09:41] "GET /_next/static/media/03bda585a99c6450-s.p.0zzh68k1~whtc.woff2 HTTP/1.1" 200 -
::1 - - [11/May/2026 16:09:41] "GET /_next/static/media/05d29f0ed5b0e698-s.p.0ipr5zwy0u.~f.woff2 HTTP/1.1" 200 -
::1 - - [11/May/2026 16:09:41] "GET /_next/static/chunks/0r_bop4f19j85.css HTTP/1.1" 200 -
::1 - - [11/May/2026 16:09:41] "GET /_next/static/media/4b676bcffc00356a-s.p.0oynfhj0_9xg2.woff2 HTTP/1.1" 200 -
::1 - - [11/May/2026 16:09:41] "GET /_next/static/media/a343f882a40d2cc9-s.p.0kho-wj7-y-w1.woff2 HTTP/1.1" 200 -
::1 - - [11/May/2026 16:09:41] "GET /_next/static/chunks/12kyd-tjrdz10.css HTTP/1.1" 200 -
::1 - - [11/May/2026 16:09:41] "GET /_next/static/media/d54db18e8cd5f74f-s.p.05.gztb3q6cix.woff2 HTTP/1.1" 200 -
::1 - - [11/May/2026 16:09:41] "GET /scouting-culture-v2/clouds-base.png HTTP/1.1" 200 -
::1 - - [11/May/2026 16:09:41] "GET /_next/static/chunks/0r_bop4f19j85.css HTTP/1.1" 200 -
::1 - - [11/May/2026 16:09:41] "GET /_next/static/chunks/0.jrg90f43u18.js HTTP/1.1" 200 -
::1 - - [11/May/2026 16:09:41] "GET /_next/static/chunks/02i7dfk78~t~2.js HTTP/1.1" 200 -
::1 - - [11/May/2026 16:09:41] "GET /_next/static/media/291696193ea1e96b-s.p.0mmds2ktxtq7_.woff2 HTTP/1.1" 200 -
::1 - - [11/May/2026 16:09:41] "GET /_next/static/chunks/10~x95jhs6ns3.js HTTP/1.1" 200 -
::1 - - [11/May/2026 16:09:41] "GET /_next/static/media/48e6fa8a5baca31f-s.p.0d7ol9k18uj2x.woff2 HTTP/1.1" 200 -
::1 - - [11/May/2026 16:09:41] "GET /_next/static/chunks/0if2ott4se3x8.js HTTP/1.1" 200 -
::1 - - [11/May/2026 16:09:41] "GET /_next/static/media/4b676bcffc00356a-s.p.0oynfhj0_9xg2.woff2 HTTP/1.1" 200 -
::1 - - [11/May/2026 16:09:41] "GET /_next/static/chunks/turbopack-0o0h998y0p8.h.js HTTP/1.1" 200 -
::1 - - [11/May/2026 16:09:41] "GET /_next/static/media/a343f882a40d2cc9-s.p.0kho-wj7-y-w1.woff2 HTTP/1.1" 200 -
::1 - - [11/May/2026 16:09:41] "GET /_next/static/chunks/01xlw8hd842-c.js HTTP/1.1" 200 -
::1 - - [11/May/2026 16:09:41] "GET /_next/static/chunks/0d3shmwh5_nmn.js HTTP/1.1" 200 -
::1 - - [11/May/2026 16:09:41] "GET /_next/static/media/d54db18e8cd5f74f-s.p.05.gztb3q6cix.woff2 HTTP/1.1" 200 -
::1 - - [11/May/2026 16:09:41] "GET /_next/static/chunks/0bisds3y7xt2j.js HTTP/1.1" 200 -
::1 - - [11/May/2026 16:09:41] "GET /hero/hero-bg.png HTTP/1.1" 200 -
::1 - - [11/May/2026 16:09:41] "GET /scouts-house-of-peace-logo.png HTTP/1.1" 200 -
::1 - - [11/May/2026 16:09:41] "GET /media/house-of-peace/house-of-peace-01.webp HTTP/1.1" 200 -
::1 - - [11/May/2026 16:09:41] "GET /_next/static/chunks/0.jrg90f43u18.js HTTP/1.1" 200 -
::1 - - [11/May/2026 16:09:41] "GET /_next/static/chunks/02i7dfk78~t~2.js HTTP/1.1" 200 -
::1 - - [11/May/2026 16:09:41] "GET /_next/static/chunks/10~x95jhs6ns3.js HTTP/1.1" 200 -
::1 - - [11/May/2026 16:09:41] "GET /_next/static/chunks/0if2ott4se3x8.js HTTP/1.1" 200 -
::1 - - [11/May/2026 16:09:41] "GET /_next/static/chunks/turbopack-0o0h998y0p8.h.js HTTP/1.1" 200 -
::1 - - [11/May/2026 16:09:41] "GET /_next/static/chunks/01xlw8hd842-c.js HTTP/1.1" 200 -
::1 - - [11/May/2026 16:09:41] "GET /_next/static/chunks/0x56skhob._h5.js HTTP/1.1" 200 -
::1 - - [11/May/2026 16:09:41] "GET /_next/static/chunks/0x_8utz46xh7k.js HTTP/1.1" 200 -
::1 - - [11/May/2026 16:09:41] "GET /scouts-house-of-peace-logo.png HTTP/1.1" 200 -
::1 - - [11/May/2026 16:09:41] "GET /scouting-culture-v2/levels-gear.png HTTP/1.1" 200 -
::1 - - [11/May/2026 16:09:41] "GET /scouting-culture-v2/scouts-on-path.png HTTP/1.1" 200 -
::1 - - [11/May/2026 16:09:41] "GET /logos/scouts-maison-paix-green-logo.png HTTP/1.1" 200 -
::1 - - [11/May/2026 16:09:42] "GET /_next/static/chunks/0bisds3y7xt2j.js HTTP/1.1" 200 -
::1 - - [11/May/2026 16:09:42] "GET /_next/static/chunks/0d3shmwh5_nmn.js HTTP/1.1" 200 -
::ffff:127.0.0.1 - - [11/May/2026 16:09:42] "GET /logos/partners/ligue-du-scoutisme-marocain.png HTTP/1.1" 200 -
::ffff:127.0.0.1 - - [11/May/2026 16:09:42] "GET /hero/trees-2.png HTTP/1.1" 200 -
::ffff:127.0.0.1 - - [11/May/2026 16:09:42] "GET /_next/static/chunks/0x_8utz46xh7k.js HTTP/1.1" 200 -
::ffff:127.0.0.1 - - [11/May/2026 16:09:42] "GET /_next/static/chunks/0kl~9p42ji7e7.js HTTP/1.1" 200 -
::1 - - [11/May/2026 16:09:42] "GET /hero/Untitled%20design.png HTTP/1.1" 200 -
::1 - - [11/May/2026 16:09:42] "GET /hero/pigeon%202.png HTTP/1.1" 200 -
::1 - - [11/May/2026 16:09:42] "GET /hero/pigeon%201.png HTTP/1.1" 200 -
::1 - - [11/May/2026 16:09:42] "GET /hero/pigeon%203.png HTTP/1.1" 200 -
::1 - - [11/May/2026 16:09:42] "GET /dividers/neckerchief-divider.png HTTP/1.1" 200 -
::1 - - [11/May/2026 16:09:42] "GET /house-of-peace/dense-foliage.svg HTTP/1.1" 200 -
::1 - - [11/May/2026 16:09:42] "HEAD /join-us/ HTTP/1.1" 200 -
::1 - - [11/May/2026 16:09:42] "GET /house-of-peace/color-container-palette.svg HTTP/1.1" 200 -
::1 - - [11/May/2026 16:09:42] "GET /logos/partners/ligue-du-scoutisme-marocain.png HTTP/1.1" 200 -
::1 - - [11/May/2026 16:09:42] "GET /logos/partners/regional-academy-oriental.png HTTP/1.1" 200 -
::1 - - [11/May/2026 16:09:42] "GET /logos/partners/wosm-logo-2024.svg HTTP/1.1" 200 -
::1 - - [11/May/2026 16:09:42] "GET /logos/partners/ministry-of-youth-and-sports.png HTTP/1.1" 200 -
::1 - - [11/May/2026 16:09:42] "HEAD / HTTP/1.1" 200 -
::1 - - [11/May/2026 16:09:42] code 404, message File not found
::1 - - [11/May/2026 16:09:42] "GET /_vercel/insights/script.js HTTP/1.1" 404 -
::1 - - [11/May/2026 16:09:42] "GET /logos/partners/federation-nationale-du-scoutisme-marocain.png HTTP/1.1" 200 -
::1 - - [11/May/2026 16:09:42] "GET /logos/partners/commune-of-taourirt.png HTTP/1.1" 200 -
::1 - - [11/May/2026 16:09:42] "GET /logos/partners/logo-smf.png HTTP/1.1" 200 -
::1 - - [11/May/2026 16:09:42] "GET /logos/partners/anef.png HTTP/1.1" 200 -
::1 - - [11/May/2026 16:09:42] "GET /logos/partners/onsg-logo.png HTTP/1.1" 200 -
::1 - - [11/May/2026 16:09:42] "HEAD /join-us/ HTTP/1.1" 200 -
::1 - - [11/May/2026 16:09:42] "GET /logos/partners/ministry-of-education-ar.png HTTP/1.1" 200 -
::1 - - [11/May/2026 16:09:42] "GET /logos/partners/anouar-salam.png HTTP/1.1" 200 -
::1 - - [11/May/2026 16:09:42] "GET /logos/partners/fncv.png HTTP/1.1" 200 -
::1 - - [11/May/2026 16:09:42] "GET /logos/partners/partner-organization.png HTTP/1.1" 200 -
::1 - - [11/May/2026 16:09:42] "GET /logos/partners/moroccan-red-crescent.png HTTP/1.1" 200 -
::1 - - [11/May/2026 16:09:42] "GET /logos/partners/ana-mawhoob.png HTTP/1.1" 200 -
::1 - - [11/May/2026 16:09:42] "GET /logos/partners/arabic-calligraphy.png HTTP/1.1" 200 -
::1 - - [11/May/2026 16:09:42] "GET /logos/partners/shm.png HTTP/1.1" 200 -
::1 - - [11/May/2026 16:09:42] "GET /logos/partners/aids-ong.png HTTP/1.1" 200 -
::1 - - [11/May/2026 16:09:42] "GET /logos/partners/logo-16-may-blue.png HTTP/1.1" 200 -
::1 - - [11/May/2026 16:09:42] "GET /logos/partners/huis-van-vrede-logo.png HTTP/1.1" 200 -
::ffff:127.0.0.1 - - [11/May/2026 16:09:42] code 404, message File not found
::1 - - [11/May/2026 16:09:42] "GET /logos/partners/sme-logo.png HTTP/1.1" 200 -
::ffff:127.0.0.1 - - [11/May/2026 16:09:42] "GET /_vercel/speed-insights/script.js HTTP/1.1" 404 -
::ffff:127.0.0.1 - - [11/May/2026 16:09:42] "GET /logos/partners/16-mai.png HTTP/1.1" 200 -
::ffff:127.0.0.1 - - [11/May/2026 16:09:42] "GET /join-us/__next._tree.txt?_rsc=5028g HTTP/1.1" 200 -
::1 - - [11/May/2026 16:09:42] "GET /house-of-peace/soft-background-wash.svg HTTP/1.1" 200 -
::1 - - [11/May/2026 16:09:42] "GET /house-of-peace/green-scenery-castle.svg HTTP/1.1" 200 -
::1 - - [11/May/2026 16:09:42] "GET /house-of-peace/taourirt-mountain.svg HTTP/1.1" 200 -
::1 - - [11/May/2026 16:09:42] "GET /__next._tree.txt?_rsc=5028g HTTP/1.1" 200 -
::1 - - [11/May/2026 16:09:42] "GET /join-us/__next._head.txt?_rsc=6tw7p HTTP/1.1" 200 -
::1 - - [11/May/2026 16:09:42] "GET /join-us/__next._index.txt?_rsc=17oa8 HTTP/1.1" 200 -
::1 - - [11/May/2026 16:09:42] "GET /join-us/__next.!KGRlZmF1bHQp.txt?_rsc=4qgxr HTTP/1.1" 200 -
::1 - - [11/May/2026 16:09:42] "GET /media/house-of-peace/house-of-peace-02.webp HTTP/1.1" 200 -
::1 - - [11/May/2026 16:09:42] "GET /media/house-of-peace/house-of-peace-03.webp HTTP/1.1" 200 -
::1 - - [11/May/2026 16:09:42] code 404, message File not found
::1 - - [11/May/2026 16:09:42] "GET /join-us/__next.!KGRlZmF1bHQp.join-us.txt?_rsc=dp8sc HTTP/1.1" 404 -
::1 - - [11/May/2026 16:09:42] code 404, message File not found
::1 - - [11/May/2026 16:09:42] "GET /join-us/__next.!KGRlZmF1bHQp.join-us.__PAGE__.txt?_rsc=lswki HTTP/1.1" 404 -
::1 - - [11/May/2026 16:09:42] "GET /__next._head.txt?_rsc=6tw7p HTTP/1.1" 200 -
::1 - - [11/May/2026 16:09:42] code 404, message File not found
::1 - - [11/May/2026 16:09:42] "GET /__next.!KGRlZmF1bHQp.__PAGE__.txt?_rsc=1xwuz HTTP/1.1" 404 -
::1 - - [11/May/2026 16:09:42] "GET /media/house-of-peace/house-of-peace-04.webp HTTP/1.1" 200 -
::1 - - [11/May/2026 16:09:42] "GET /media/house-of-peace/house-of-peace-05.webp HTTP/1.1" 200 -
::1 - - [11/May/2026 16:09:42] "GET /media/house-of-peace/house-of-peace-06.webp HTTP/1.1" 200 -
::1 - - [11/May/2026 16:09:42] "GET /media/house-of-peace/house-of-peace-07.webp HTTP/1.1" 200 -
::1 - - [11/May/2026 16:09:42] "GET /media/house-of-peace/house-of-peace-08.webp HTTP/1.1" 200 -
::1 - - [11/May/2026 16:09:42] "GET /house-of-peace/olive-branch-2.svg HTTP/1.1" 200 -
::1 - - [11/May/2026 16:09:42] "GET /house-of-peace/olive-branch-1.svg HTTP/1.1" 200 -
::1 - - [11/May/2026 16:09:43] "GET /dividers/neckerchief-divider.png HTTP/1.1" 200 -
::1 - - [11/May/2026 16:09:43] "GET /values/camping-background.png HTTP/1.1" 200 -
::1 - - [11/May/2026 16:09:43] "GET /values/coexistence.png HTTP/1.1" 200 -
::1 - - [11/May/2026 16:09:43] "GET /values/community-impact.png HTTP/1.1" 200 -
::ffff:127.0.0.1 - - [11/May/2026 16:09:43] "GET /values/peace-education.png HTTP/1.1" 200 -
::ffff:127.0.0.1 - - [11/May/2026 16:09:43] "GET /values/personal-growth.png HTTP/1.1" 200 -
::1 - - [11/May/2026 16:09:43] "GET /activities/programs-background.png HTTP/1.1" 200 -
::1 - - [11/May/2026 16:09:43] "GET /activities/programs/camps-and-adventures.jpg HTTP/1.1" 200 -
::1 - - [11/May/2026 16:09:43] "GET /activities/programs/workshops-and-learning.jpg HTTP/1.1" 200 -
::1 - - [11/May/2026 16:09:43] "GET /activities/programs/community-service.jpg HTTP/1.1" 200 -
::ffff:127.0.0.1 - - [11/May/2026 16:09:43] "GET /activities/programs/international-events.jpg HTTP/1.1" 200 -
::1 - - [11/May/2026 16:09:43] "GET /__next._head.txt?_rsc=1pn8p HTTP/1.1" 200 -
::1 - - [11/May/2026 16:09:43] "GET /__next._index.txt?_rsc=nn07o HTTP/1.1" 200 -
::1 - - [11/May/2026 16:09:43] "GET /__next.!KGRlZmF1bHQp.txt?_rsc=o863q HTTP/1.1" 200 -
::1 - - [11/May/2026 16:09:43] "GET /join-us/__next._tree.txt?_rsc=1r34m HTTP/1.1" 200 -
::1 - - [11/May/2026 16:09:43] code 404, message File not found
::1 - - [11/May/2026 16:09:43] code 404, message File not found
::1 - - [11/May/2026 16:09:43] "GET /_vercel/speed-insights/script.js HTTP/1.1" 404 -
::1 - - [11/May/2026 16:09:43] "GET /_vercel/insights/script.js HTTP/1.1" 404 -
::1 - - [11/May/2026 16:09:43] code 404, message File not found
::1 - - [11/May/2026 16:09:43] "GET /__next.!KGRlZmF1bHQp.__PAGE__.txt?_rsc=1jx6h HTTP/1.1" 404 -
::1 - - [11/May/2026 16:09:43] "GET /join-us/__next._head.txt?_rsc=1pn8p HTTP/1.1" 200 -
::1 - - [11/May/2026 16:09:43] code 404, message File not found
::1 - - [11/May/2026 16:09:43] "GET /join-us/__next.!KGRlZmF1bHQp.join-us.txt?_rsc=1w8m8 HTTP/1.1" 404 -
::1 - - [11/May/2026 16:09:43] code 404, message File not found
::1 - - [11/May/2026 16:09:43] "GET /join-us/__next.!KGRlZmF1bHQp.join-us.__PAGE__.txt?_rsc=1iq17 HTTP/1.1" 404 -
::1 - - [11/May/2026 16:10:02] "GET /scouting-culture/ HTTP/1.1" 200 -
::1 - - [11/May/2026 16:10:02] "GET /_next/static/media/03bda585a99c6450-s.p.0zzh68k1~whtc.woff2 HTTP/1.1" 200 -
::1 - - [11/May/2026 16:10:02] "GET /_next/static/media/05d29f0ed5b0e698-s.p.0ipr5zwy0u.~f.woff2 HTTP/1.1" 200 -
::1 - - [11/May/2026 16:10:02] "GET /_next/static/media/291696193ea1e96b-s.p.0mmds2ktxtq7_.woff2 HTTP/1.1" 200 -
::1 - - [11/May/2026 16:10:02] "GET /_next/static/media/48e6fa8a5baca31f-s.p.0d7ol9k18uj2x.woff2 HTTP/1.1" 200 -
::1 - - [11/May/2026 16:10:02] "GET /_next/static/chunks/12kyd-tjrdz10.css HTTP/1.1" 200 -
::1 - - [11/May/2026 16:10:02] "GET /_next/static/chunks/0r_bop4f19j85.css HTTP/1.1" 200 -
::1 - - [11/May/2026 16:10:02] "GET /_next/static/media/4b676bcffc00356a-s.p.0oynfhj0_9xg2.woff2 HTTP/1.1" 200 -
::1 - - [11/May/2026 16:10:02] "GET /_next/static/media/a343f882a40d2cc9-s.p.0kho-wj7-y-w1.woff2 HTTP/1.1" 200 -
::1 - - [11/May/2026 16:10:02] "GET /_next/static/media/d54db18e8cd5f74f-s.p.05.gztb3q6cix.woff2 HTTP/1.1" 200 -
::1 - - [11/May/2026 16:10:02] "GET /scouting-culture-v2/clouds-base.png HTTP/1.1" 200 -
::1 - - [11/May/2026 16:10:02] "GET /_next/static/chunks/0.jrg90f43u18.js HTTP/1.1" 200 -
::1 - - [11/May/2026 16:10:02] "GET /_next/static/chunks/02i7dfk78~t~2.js HTTP/1.1" 200 -
::1 - - [11/May/2026 16:10:02] "GET /_next/static/chunks/10~x95jhs6ns3.js HTTP/1.1" 200 -
::1 - - [11/May/2026 16:10:02] "GET /_next/static/chunks/0if2ott4se3x8.js HTTP/1.1" 200 -
::1 - - [11/May/2026 16:10:02] "GET /_next/static/chunks/turbopack-0o0h998y0p8.h.js HTTP/1.1" 200 -
::1 - - [11/May/2026 16:10:02] "GET /_next/static/chunks/01xlw8hd842-c.js HTTP/1.1" 200 -
::1 - - [11/May/2026 16:10:02] "GET /_next/static/chunks/0d3shmwh5_nmn.js HTTP/1.1" 200 -
::1 - - [11/May/2026 16:10:02] "GET /_next/static/chunks/0bisds3y7xt2j.js HTTP/1.1" 200 -
::1 - - [11/May/2026 16:10:02] "GET /_next/static/chunks/0x56skhob._h5.js HTTP/1.1" 200 -
::1 - - [11/May/2026 16:10:02] "GET /_next/static/chunks/0x_8utz46xh7k.js HTTP/1.1" 200 -
::1 - - [11/May/2026 16:10:02] "GET /scouting-culture/ HTTP/1.1" 200 -
::1 - - [11/May/2026 16:10:02] "GET /_next/static/media/03bda585a99c6450-s.p.0zzh68k1~whtc.woff2 HTTP/1.1" 200 -
::1 - - [11/May/2026 16:10:02] "GET /_next/static/chunks/12kyd-tjrdz10.css HTTP/1.1" 200 -
::1 - - [11/May/2026 16:10:02] "GET /_next/static/media/05d29f0ed5b0e698-s.p.0ipr5zwy0u.~f.woff2 HTTP/1.1" 200 -
::1 - - [11/May/2026 16:10:02] "GET /_next/static/media/291696193ea1e96b-s.p.0mmds2ktxtq7_.woff2 HTTP/1.1" 200 -
::1 - - [11/May/2026 16:10:02] "GET /_next/static/chunks/0r_bop4f19j85.css HTTP/1.1" 200 -
::1 - - [11/May/2026 16:10:02] "GET /_next/static/media/48e6fa8a5baca31f-s.p.0d7ol9k18uj2x.woff2 HTTP/1.1" 200 -
::1 - - [11/May/2026 16:10:02] "GET /_next/static/media/4b676bcffc00356a-s.p.0oynfhj0_9xg2.woff2 HTTP/1.1" 200 -
::1 - - [11/May/2026 16:10:02] "GET /_next/static/media/a343f882a40d2cc9-s.p.0kho-wj7-y-w1.woff2 HTTP/1.1" 200 -
::1 - - [11/May/2026 16:10:02] "GET /_next/static/media/d54db18e8cd5f74f-s.p.05.gztb3q6cix.woff2 HTTP/1.1" 200 -
::1 - - [11/May/2026 16:10:02] "GET /scouting-culture-v2/clouds-base.png HTTP/1.1" 200 -
::1 - - [11/May/2026 16:10:02] "GET /_next/static/chunks/0.jrg90f43u18.js HTTP/1.1" 200 -
::1 - - [11/May/2026 16:10:02] "GET /_next/static/chunks/02i7dfk78~t~2.js HTTP/1.1" 200 -
::1 - - [11/May/2026 16:10:02] "GET /_next/static/chunks/10~x95jhs6ns3.js HTTP/1.1" 200 -
::1 - - [11/May/2026 16:10:02] "GET /_next/static/chunks/0if2ott4se3x8.js HTTP/1.1" 200 -
::1 - - [11/May/2026 16:10:02] "GET /_next/static/chunks/turbopack-0o0h998y0p8.h.js HTTP/1.1" 200 -
::1 - - [11/May/2026 16:10:02] "GET /_next/static/chunks/01xlw8hd842-c.js HTTP/1.1" 200 -
::1 - - [11/May/2026 16:10:02] "GET /_next/static/chunks/0d3shmwh5_nmn.js HTTP/1.1" 200 -
::1 - - [11/May/2026 16:10:02] "GET /_next/static/chunks/0bisds3y7xt2j.js HTTP/1.1" 200 -
::1 - - [11/May/2026 16:10:02] "GET /_next/static/chunks/0x56skhob._h5.js HTTP/1.1" 200 -
::1 - - [11/May/2026 16:10:02] "GET /_next/static/chunks/0x_8utz46xh7k.js HTTP/1.1" 200 -
::1 - - [11/May/2026 16:10:02] "GET /scouts-house-of-peace-logo.png HTTP/1.1" 200 -
::1 - - [11/May/2026 16:10:02] "GET /scouting-culture-v2/levels-gear.png HTTP/1.1" 200 -
::1 - - [11/May/2026 16:10:02] "GET /scouting-culture-v2/scouts-on-path.png HTTP/1.1" 200 -
::1 - - [11/May/2026 16:10:02] "GET /logos/scouts-maison-paix-green-logo.png HTTP/1.1" 200 -
::1 - - [11/May/2026 16:10:02] "GET /dividers/neckerchief-divider.png HTTP/1.1" 200 -
::1 - - [11/May/2026 16:10:02] "GET /logos/partners/ligue-du-scoutisme-marocain.png HTTP/1.1" 200 -
::1 - - [11/May/2026 16:10:03] "GET /scouting-culture/ HTTP/1.1" 200 -
::1 - - [11/May/2026 16:10:03] "GET /_next/static/media/03bda585a99c6450-s.p.0zzh68k1~whtc.woff2 HTTP/1.1" 200 -
::1 - - [11/May/2026 16:10:03] "GET /_next/static/media/05d29f0ed5b0e698-s.p.0ipr5zwy0u.~f.woff2 HTTP/1.1" 200 -
::1 - - [11/May/2026 16:10:03] "GET /_next/static/media/291696193ea1e96b-s.p.0mmds2ktxtq7_.woff2 HTTP/1.1" 200 -
::1 - - [11/May/2026 16:10:03] "GET /_next/static/chunks/12kyd-tjrdz10.css HTTP/1.1" 200 -
::1 - - [11/May/2026 16:10:03] "GET /_next/static/chunks/0r_bop4f19j85.css HTTP/1.1" 200 -
::ffff:127.0.0.1 - - [11/May/2026 16:10:03] "GET /_next/static/media/48e6fa8a5baca31f-s.p.0d7ol9k18uj2x.woff2 HTTP/1.1" 200 -
::1 - - [11/May/2026 16:10:03] "GET /_next/static/media/4b676bcffc00356a-s.p.0oynfhj0_9xg2.woff2 HTTP/1.1" 200 -
::1 - - [11/May/2026 16:10:03] "GET /scouts-house-of-peace-logo.png HTTP/1.1" 200 -
::1 - - [11/May/2026 16:10:03] "GET /_next/static/media/a343f882a40d2cc9-s.p.0kho-wj7-y-w1.woff2 HTTP/1.1" 200 -
::1 - - [11/May/2026 16:10:03] "GET /_next/static/media/d54db18e8cd5f74f-s.p.05.gztb3q6cix.woff2 HTTP/1.1" 200 -
::1 - - [11/May/2026 16:10:03] "GET /scouting-culture-v2/clouds-base.png HTTP/1.1" 200 -
::1 - - [11/May/2026 16:10:03] "GET /_next/static/chunks/0.jrg90f43u18.js HTTP/1.1" 200 -
::1 - - [11/May/2026 16:10:03] "GET /_next/static/chunks/02i7dfk78~t~2.js HTTP/1.1" 200 -
::1 - - [11/May/2026 16:10:03] "GET /_next/static/chunks/10~x95jhs6ns3.js HTTP/1.1" 200 -
::1 - - [11/May/2026 16:10:03] "GET /_next/static/chunks/0if2ott4se3x8.js HTTP/1.1" 200 -
::1 - - [11/May/2026 16:10:03] "HEAD /join-us/ HTTP/1.1" 200 -
::ffff:127.0.0.1 - - [11/May/2026 16:10:03] "HEAD / HTTP/1.1" 200 -
::1 - - [11/May/2026 16:10:03] "GET /_next/static/chunks/turbopack-0o0h998y0p8.h.js HTTP/1.1" 200 -
::1 - - [11/May/2026 16:10:03] "GET /_next/static/chunks/01xlw8hd842-c.js HTTP/1.1" 200 -
::1 - - [11/May/2026 16:10:03] "GET /dividers/neckerchief-divider.png HTTP/1.1" 200 -
::ffff:127.0.0.1 - - [11/May/2026 16:10:03] "HEAD /join-us/ HTTP/1.1" 200 -
::1 - - [11/May/2026 16:10:03] "GET /scouting-culture-v2/levels-gear.png HTTP/1.1" 200 -
::1 - - [11/May/2026 16:10:03] "GET /scouting-culture-v2/scouts-on-path.png HTTP/1.1" 200 -
::1 - - [11/May/2026 16:10:04] "GET /scouting-culture-v2/scouts-on-path.png HTTP/1.1" 200 -
::1 - - [11/May/2026 16:10:04] "GET /scouting-culture-v2/levels-gear.png HTTP/1.1" 200 -
::1 - - [11/May/2026 16:10:04] "GET /logos/partners/ligue-du-scoutisme-marocain.png HTTP/1.1" 200 -
::1 - - [11/May/2026 16:10:04] "HEAD / HTTP/1.1" 200 -
::1 - - [11/May/2026 16:10:04] "GET /scouting-culture-v2/symbols-and-songs.png HTTP/1.1" 200 -
::1 - - [11/May/2026 16:10:04] "GET /scouts-house-of-peace-logo.png HTTP/1.1" 200 -
::1 - - [11/May/2026 16:10:04] "GET /logos/scouts-maison-paix-green-logo.png HTTP/1.1" 200 -
::ffff:127.0.0.1 - - [11/May/2026 16:10:04] "GET /scouting-culture-v2/Scout%20in%20salute%20with%20emblem.png HTTP/1.1" 200 -
::1 - - [11/May/2026 16:10:04] code 404, message File not found
::1 - - [11/May/2026 16:10:04] "GET /_vercel/insights/script.js HTTP/1.1" 404 -
::1 - - [11/May/2026 16:10:04] "GET /_next/static/chunks/0d3shmwh5_nmn.js HTTP/1.1" 200 -
::1 - - [11/May/2026 16:10:04] "GET /media/house-of-peace/house-of-peace-04.webp HTTP/1.1" 200 -
::1 - - [11/May/2026 16:10:04] code 404, message File not found
::1 - - [11/May/2026 16:10:04] "GET /_next/static/chunks/0bisds3y7xt2j.js HTTP/1.1" 200 -
::1 - - [11/May/2026 16:10:04] "GET /_vercel/speed-insights/script.js HTTP/1.1" 404 -
::1 - - [11/May/2026 16:10:04] "GET /logos/scouts-maison-paix-green-logo.png HTTP/1.1" 200 -
::1 - - [11/May/2026 16:10:04] "GET /logos/partners/ligue-du-scoutisme-marocain.png HTTP/1.1" 200 -
::1 - - [11/May/2026 16:10:04] "GET /dividers/neckerchief-divider.png HTTP/1.1" 200 -
::1 - - [11/May/2026 16:10:04] code 404, message File not found
::1 - - [11/May/2026 16:10:04] "GET /_vercel/insights/script.js HTTP/1.1" 404 -
::1 - - [11/May/2026 16:10:04] code 404, message File not found
::1 - - [11/May/2026 16:10:04] "GET /_vercel/speed-insights/script.js HTTP/1.1" 404 -
::ffff:127.0.0.1 - - [11/May/2026 16:10:04] "GET /scouting-culture-v2/Scout%20in%20salute%20with%20emblem.png HTTP/1.1" 200 -
::ffff:127.0.0.1 - - [11/May/2026 16:10:04] "GET /scouting-culture-v2/symbols-and-songs.png HTTP/1.1" 200 -
::ffff:127.0.0.1 - - [11/May/2026 16:10:04] "GET /join-us/__next._tree.txt?_rsc=5028g HTTP/1.1" 200 -
::ffff:127.0.0.1 - - [11/May/2026 16:10:04] "GET /scouting-culture-v2/patrol-campfire.png HTTP/1.1" 200 -
::1 - - [11/May/2026 16:10:04] "GET /scouting-culture-v2/patrol-campfire.png HTTP/1.1" 200 -
::1 - - [11/May/2026 16:10:04] "GET /media/house-of-peace/house-of-peace-04.webp HTTP/1.1" 200 -
::ffff:127.0.0.1 - - [11/May/2026 16:10:04] "GET /_next/static/chunks/0x56skhob._h5.js HTTP/1.1" 200 -
::ffff:127.0.0.1 - - [11/May/2026 16:10:04] "GET /join-us/__next._tree.txt?_rsc=5028g HTTP/1.1" 200 -
::1 - - [11/May/2026 16:10:04] "GET /__next._tree.txt?_rsc=5028g HTTP/1.1" 200 -
::1 - - [11/May/2026 16:10:04] "GET /join-us/__next._head.txt?_rsc=6tw7p HTTP/1.1" 200 -
::1 - - [11/May/2026 16:10:04] "GET /join-us/__next._index.txt?_rsc=17oa8 HTTP/1.1" 200 -
::ffff:127.0.0.1 - - [11/May/2026 16:10:04] "GET /_next/static/chunks/0x_8utz46xh7k.js HTTP/1.1" 200 -
::ffff:127.0.0.1 - - [11/May/2026 16:10:04] "GET /join-us/__next.!KGRlZmF1bHQp.txt?_rsc=4qgxr HTTP/1.1" 200 -
::1 - - [11/May/2026 16:10:04] code 404, message File not found
::1 - - [11/May/2026 16:10:04] "GET /join-us/__next.!KGRlZmF1bHQp.join-us.txt?_rsc=dp8sc HTTP/1.1" 404 -
::1 - - [11/May/2026 16:10:04] code 404, message File not found
::1 - - [11/May/2026 16:10:04] "GET /join-us/__next.!KGRlZmF1bHQp.join-us.__PAGE__.txt?_rsc=lswki HTTP/1.1" 404 -
::1 - - [11/May/2026 16:10:04] "GET /__next._head.txt?_rsc=6tw7p HTTP/1.1" 200 -
::1 - - [11/May/2026 16:10:04] code 404, message File not found
::1 - - [11/May/2026 16:10:04] "GET /__next.!KGRlZmF1bHQp.__PAGE__.txt?_rsc=1xwuz HTTP/1.1" 404 -
::1 - - [11/May/2026 16:10:04] "HEAD /join-us/ HTTP/1.1" 200 -
::1 - - [11/May/2026 16:10:04] "HEAD / HTTP/1.1" 200 -
::1 - - [11/May/2026 16:10:04] "GET /join-us/__next._tree.txt?_rsc=5028g HTTP/1.1" 200 -
::1 - - [11/May/2026 16:10:04] code 404, message File not found
::1 - - [11/May/2026 16:10:04] "GET /_vercel/insights/script.js HTTP/1.1" 404 -
::1 - - [11/May/2026 16:10:04] code 404, message File not found
::1 - - [11/May/2026 16:10:04] "GET /_vercel/speed-insights/script.js HTTP/1.1" 404 -
::1 - - [11/May/2026 16:10:04] "GET /__next._tree.txt?_rsc=5028g HTTP/1.1" 200 -
::ffff:127.0.0.1 - - [11/May/2026 16:10:04] "GET /__next._tree.txt?_rsc=5028g HTTP/1.1" 200 -
::1 - - [11/May/2026 16:10:04] "GET /join-us/__next._head.txt?_rsc=6tw7p HTTP/1.1" 200 -
::1 - - [11/May/2026 16:10:04] "GET /join-us/__next._index.txt?_rsc=17oa8 HTTP/1.1" 200 -
::1 - - [11/May/2026 16:10:04] "GET /join-us/__next.!KGRlZmF1bHQp.txt?_rsc=4qgxr HTTP/1.1" 200 -
::1 - - [11/May/2026 16:10:04] code 404, message File not found
::1 - - [11/May/2026 16:10:04] "GET /join-us/__next.!KGRlZmF1bHQp.join-us.txt?_rsc=dp8sc HTTP/1.1" 404 -
::1 - - [11/May/2026 16:10:04] code 404, message File not found
::1 - - [11/May/2026 16:10:04] "GET /join-us/__next.!KGRlZmF1bHQp.join-us.__PAGE__.txt?_rsc=lswki HTTP/1.1" 404 -
::1 - - [11/May/2026 16:10:04] "GET /__next._head.txt?_rsc=6tw7p HTTP/1.1" 200 -
::1 - - [11/May/2026 16:10:04] "GET /join-us/__next._head.txt?_rsc=6tw7p HTTP/1.1" 200 -
::1 - - [11/May/2026 16:10:04] "GET /join-us/__next._index.txt?_rsc=17oa8 HTTP/1.1" 200 -
::1 - - [11/May/2026 16:10:04] "GET /join-us/__next.!KGRlZmF1bHQp.txt?_rsc=4qgxr HTTP/1.1" 200 -
::1 - - [11/May/2026 16:10:04] code 404, message File not found
::1 - - [11/May/2026 16:10:04] "GET /join-us/__next.!KGRlZmF1bHQp.join-us.txt?_rsc=dp8sc HTTP/1.1" 404 -
::1 - - [11/May/2026 16:10:04] code 404, message File not found
::1 - - [11/May/2026 16:10:04] "GET /join-us/__next.!KGRlZmF1bHQp.join-us.__PAGE__.txt?_rsc=lswki HTTP/1.1" 404 -
::1 - - [11/May/2026 16:10:04] "GET /__next._head.txt?_rsc=6tw7p HTTP/1.1" 200 -
::1 - - [11/May/2026 16:10:04] code 404, message File not found
::1 - - [11/May/2026 16:10:04] "GET /__next.!KGRlZmF1bHQp.__PAGE__.txt?_rsc=1xwuz HTTP/1.1" 404 -
::ffff:127.0.0.1 - - [11/May/2026 16:10:05] code 404, message File not found
::ffff:127.0.0.1 - - [11/May/2026 16:10:05] "GET /__next.!KGRlZmF1bHQp.__PAGE__.txt?_rsc=1xwuz HTTP/1.1" 404 -
